Traceback (most recent call last):
  File "<redacted-home>/Coding_Projects/MLX-DGX/mlx-spark-handoff/src/mlx_spark/core.py", line 14, in __getattr__
    native = import_module("mlx_spark._core")
  File "/opt/homebrew/Cellar/python@3.14/3.14.3_1/Frameworks/Python.framework/Versions/3.14/lib/python3.14/importlib/__init__.py", line 88, in import_module
    return _bootstrap._gcd_import(name[level:], package, level)
           ~~~~~~~~~~~~~~~~~~~~~~^^^^^^^^^^^^^^^^^^^^^^^^^^^^^^
  File "<frozen importlib._bootstrap>", line 1398, in _gcd_import
  File "<frozen importlib._bootstrap>", line 1371, in _find_and_load
  File "<frozen importlib._bootstrap>", line 1335, in _find_and_load_unlocked
ModuleNotFoundError: No module named 'mlx_spark._core'

The above exception was the direct cause of the following exception:

Traceback (most recent call last):
  File "<string>", line 1, in <module>
    from mlx_spark import core; core.array([1, 2])
                                ^^^^^^^^^^
  File "<redacted-home>/Coding_Projects/MLX-DGX/mlx-spark-handoff/src/mlx_spark/core.py", line 18, in __getattr__
    raise NativeCoreUnavailable(
    ...<3 lines>...
    ) from exc
mlx_spark.errors.NativeCoreUnavailable: MLX-Spark native tensor core is not built. This bundle is an engineering scaffold, not a working MLX replacement. Complete tasks FND-03 through CORE-06; do not substitute installed mlx/torch.
