evidence/runs/fnd-01/IMPLEMENTER_HANDOFF.md: OK
evidence/runs/fnd-01/REVIEW.md: OK
evidence/runs/fnd-01/REVIEW_FINAL.md: OK
evidence/runs/fnd-01/SCAFFOLD_REPORT.md: OK
evidence/runs/fnd-01/SUBMISSION.sha256: OK
evidence/runs/fnd-01/check-local-attempt-2.stderr.log: OK
evidence/runs/fnd-01/check-local-attempt-2.stdout.log: OK
evidence/runs/fnd-01/check-local-attempt-3.stderr.log: OK
evidence/runs/fnd-01/check-local-attempt-3.stdout.log: OK
evidence/runs/fnd-01/check-local-implementation.stderr.log: OK
evidence/runs/fnd-01/check-local-implementation.stdout.log: OK
evidence/runs/fnd-01/check-local.stderr.log: OK
evidence/runs/fnd-01/check-local.stdout.log: OK
evidence/runs/fnd-01/ctest-report.stderr.log: OK
evidence/runs/fnd-01/ctest-report.stdout.log: OK
evidence/runs/fnd-01/evidence-schema-validation.stderr.log: OK
evidence/runs/fnd-01/evidence-schema-validation.stdout.log: OK
evidence/runs/fnd-01/git-diff-check.stderr.log: OK
evidence/runs/fnd-01/git-diff-check.stdout.log: OK
evidence/runs/fnd-01/integrity.stderr.log: OK
evidence/runs/fnd-01/integrity.stdout.log: OK
evidence/runs/fnd-01/memory-estimate.json: OK
evidence/runs/fnd-01/memory-estimate.stderr.log: OK
evidence/runs/fnd-01/native-core-baseline.stderr.log: OK
evidence/runs/fnd-01/native-core-baseline.stdout.log: OK
evidence/runs/fnd-01/pytest-report.stderr.log: OK
evidence/runs/fnd-01/pytest-report.stdout.log: OK
evidence/runs/fnd-01/python-syntax.stderr.log: OK
evidence/runs/fnd-01/python-syntax.stdout.log: OK
evidence/runs/fnd-01/remediation-check-local.stderr.log: OK
evidence/runs/fnd-01/remediation-check-local.stdout.log: OK
evidence/runs/fnd-01/remediation-first-session-integrity.stderr.log: OK
evidence/runs/fnd-01/remediation-first-session-integrity.stdout.log: OK
evidence/runs/fnd-01/remediation-first-session-memory.stderr.log: OK
evidence/runs/fnd-01/remediation-first-session-memory.stdout.log: OK
evidence/runs/fnd-01/remediation-first-session-next.stderr.log: OK
evidence/runs/fnd-01/remediation-first-session-next.stdout.log: OK
evidence/runs/fnd-01/remediation-first-session-plan.stderr.log: OK
evidence/runs/fnd-01/remediation-first-session-plan.stdout.log: OK
evidence/runs/fnd-01/remediation-first-session-python.stderr.log: OK
evidence/runs/fnd-01/remediation-first-session-python.stdout.log: OK
evidence/runs/fnd-01/remediation-first-session-status.stderr.log: OK
evidence/runs/fnd-01/remediation-first-session-status.stdout.log: OK
evidence/runs/fnd-01/remediation-targeted.stderr.log: OK
evidence/runs/fnd-01/remediation-targeted.stdout.log: OK
evidence/runs/fnd-01/remediation-version-guard.stderr.log: OK
evidence/runs/fnd-01/remediation-version-guard.stdout.log: OK
evidence/runs/fnd-01/remediation2-check-local.stderr.log: OK
evidence/runs/fnd-01/remediation2-check-local.stdout.log: OK
evidence/runs/fnd-01/remediation2-hostname-scan.stderr.log: OK
evidence/runs/fnd-01/remediation2-hostname-scan.stdout.log: OK
evidence/runs/fnd-01/remediation2-hostname-test.stderr.log: OK
evidence/runs/fnd-01/remediation2-hostname-test.stdout.log: OK
evidence/runs/fnd-01/reviewer-luna-20260908T073808Z-check-local.stderr.log: OK
evidence/runs/fnd-01/reviewer-luna-20260908T073808Z-check-local.stdout.log: OK
evidence/runs/fnd-01/reviewer-luna-20260908T073808Z-diff.stderr.log: OK
evidence/runs/fnd-01/reviewer-luna-20260908T073808Z-diff.stdout.log: OK
evidence/runs/fnd-01/reviewer-luna-20260908T073808Z-evidence-audit.stderr.log: OK
evidence/runs/fnd-01/reviewer-luna-20260908T073808Z-evidence-audit.stdout.log: OK
evidence/runs/fnd-01/reviewer-luna-20260908T073808Z-first-session-integrity.stderr.log: OK
evidence/runs/fnd-01/reviewer-luna-20260908T073808Z-first-session-integrity.stdout.log: OK
evidence/runs/fnd-01/reviewer-luna-20260908T073808Z-first-session-validate.stderr.log: OK
evidence/runs/fnd-01/reviewer-luna-20260908T073808Z-first-session-validate.stdout.log: OK
evidence/runs/fnd-01/reviewer-luna-20260908T073808Z-integrity.stderr.log: OK
evidence/runs/fnd-01/reviewer-luna-20260908T073808Z-integrity.stdout.log: OK
evidence/runs/fnd-01/reviewer-luna-20260908T073808Z-native-core.stderr.log: OK
evidence/runs/fnd-01/reviewer-luna-20260908T073808Z-native-core.stdout.log: OK
evidence/runs/fnd-01/reviewer-luna-20260908T073808Z-python-selection.stderr.log: OK
evidence/runs/fnd-01/reviewer-luna-20260908T073808Z-python-selection.stdout.log: OK
evidence/runs/fnd-01/reviewer-luna-20260908T073808Z-static.stderr.log: OK
evidence/runs/fnd-01/reviewer-luna-20260908T073808Z-static.stdout.log: OK
evidence/runs/fnd-01/run.json: OK
evidence/runs/fnd-01/scaffold-status.json: OK
evidence/runs/fnd-01/scaffold-status.stderr.log: OK
evidence/runs/fnd-01/shell-syntax.stderr.log: OK
evidence/runs/fnd-01/shell-syntax.stdout.log: OK
evidence/runs/fnd-01/targeted-plan-test.stderr.log: OK
evidence/runs/fnd-01/targeted-plan-test.stdout.log: OK
evidence/runs/fnd-01/toolchain.stderr.log: OK
evidence/runs/fnd-01/toolchain.stdout.log: OK
