FF                                                                       [100%]
=================================== FAILURES ===================================
__________ test_selected_dgx2_inventory_is_anonymized_and_single_gpu ___________
tests/test_fnd02_evidence.py:25: in test_selected_dgx2_inventory_is_anonymized_and_single_gpu
    inventory = _load("inventory.json")
                ^^^^^^^^^^^^^^^^^^^^^^^
tests/test_fnd02_evidence.py:11: in _load
    return json.loads((EVIDENCE / name).read_text())
                      ^^^^^^^^^^^^^^^^^^^^^^^^^^^^^
/opt/homebrew/Cellar/python@3.14/3.14.3_1/Frameworks/Python.framework/Versions/3.14/lib/python3.14/pathlib/__init__.py:787: in read_text
    with self.open(mode='r', encoding=encoding, errors=errors, newline=newline) as f:
         ^^^^^^^^^^^^^^^^^^^^^^^^^^^^^^^^^^^^^^^^^^^^^^^^^^^^^^^^^^^^^^^^^^^^^^
/opt/homebrew/Cellar/python@3.14/3.14.3_1/Frameworks/Python.framework/Versions/3.14/lib/python3.14/pathlib/__init__.py:771: in open
    return io.open(self, mode, buffering, encoding, errors, newline)
           ^^^^^^^^^^^^^^^^^^^^^^^^^^^^^^^^^^^^^^^^^^^^^^^^^^^^^^^^^
E   FileNotFoundError: [Errno 2] No such file or directory: '<redacted-home>/Coding_Projects/MLX-DGX/mlx-spark-handoff/evidence/runs/fnd-02/inventory.json'
___________ test_resource_budget_preserves_memory_and_disk_reserves ____________
tests/test_fnd02_evidence.py:40: in test_resource_budget_preserves_memory_and_disk_reserves
    inventory = _load("inventory.json")
                ^^^^^^^^^^^^^^^^^^^^^^^
tests/test_fnd02_evidence.py:11: in _load
    return json.loads((EVIDENCE / name).read_text())
                      ^^^^^^^^^^^^^^^^^^^^^^^^^^^^^
/opt/homebrew/Cellar/python@3.14/3.14.3_1/Frameworks/Python.framework/Versions/3.14/lib/python3.14/pathlib/__init__.py:787: in read_text
    with self.open(mode='r', encoding=encoding, errors=errors, newline=newline) as f:
         ^^^^^^^^^^^^^^^^^^^^^^^^^^^^^^^^^^^^^^^^^^^^^^^^^^^^^^^^^^^^^^^^^^^^^^
/opt/homebrew/Cellar/python@3.14/3.14.3_1/Frameworks/Python.framework/Versions/3.14/lib/python3.14/pathlib/__init__.py:771: in open
    return io.open(self, mode, buffering, encoding, errors, newline)
           ^^^^^^^^^^^^^^^^^^^^^^^^^^^^^^^^^^^^^^^^^^^^^^^^^^^^^^^^^
E   FileNotFoundError: [Errno 2] No such file or directory: '<redacted-home>/Coding_Projects/MLX-DGX/mlx-spark-handoff/evidence/runs/fnd-02/inventory.json'
=========================== short test summary info ============================
FAILED tests/test_fnd02_evidence.py::test_selected_dgx2_inventory_is_anonymized_and_single_gpu
FAILED tests/test_fnd02_evidence.py::test_resource_budget_preserves_memory_and_disk_reserves
2 failed in 0.19s
